==================================================================
全部门禁 · 工作区 work
==================================================================

⏭️  G1 台账 100% 精读 —— 缺少输入 ['ledger.csv']，跳过

⏭️  G2 unknown 清零 —— 缺少输入 ['ledger/unknown.md']，跳过

⏭️  G3 编号未重排 —— 缺少输入 ['ledger/features.md']，跳过

⏭️  G4 括号平衡 —— 缺少输入 ['src']，跳过

⏭️  G5 config 字段差集 —— 缺少输入 ['old.json', 'new.json']，跳过

⏭️  G6 跨端契约四类检查 —— 缺少输入 ['src']，跳过

⏭️  G11 BUG 分诊无未处置 —— 缺少输入 ['ledger/bugs.md']，跳过

⏭️  G15 体验参数无缺失 —— 缺少输入 ['ledger/params-old.csv', 'ledger/params-new.csv']，跳过

⏭️  G16 资产无悬空引用 —— 缺少输入 ['assets', 'src']，跳过

⏭️  G17 许可四态无阻断 —— 缺少输入 ['ledger/licenses.md']，跳过

⏭️  G18 无丢失文案 —— 缺少输入 ['ledger/texts-old.csv', 'ledger/texts-new.csv']，跳过

⏭️  G22 动效时序在容差内 —— 缺少输入 ['motion-old.json', 'motion-new.json']，跳过

⏭️  G23 树对齐覆盖率达标 —— 缺少输入 ['old.uia.json', 'new.a11y.json']，跳过

⏭️  G24 差异有根因归类 —— 缺少输入 ['old.png', 'new.png']，跳过

⏭️  G26 环境锁一致 —— 缺少输入 ['environment.lock']，跳过

⏭️  G27 差分测试无真回归 —— 缺少输入 ['pairs.jsonl']，跳过

⏭️  G31 功能对照表无未定项 —— 缺少输入 ['ledger/feature_matrix.md', 'ledger/features.md']，跳过

⏭️  G32 文本排版五维一致 —— 缺少输入 ['ledger/texts-old.csv', 'ledger/texts-new.csv']，跳过

⏭️  G33 故障矩阵六栏齐全 —— 缺少输入 ['ledger/faults.csv']，跳过

⏭️  G34 安装契约与残留 owner —— 缺少输入 ['ledger/install.md']，跳过

❌ G37 能力契约已探测 —— **阻断**

⏭️  G38 证据库无未判重复 —— 缺少输入 ['ledger/features.md']，跳过

⏭️  G41 回放 manifest 无缺项 —— 缺少输入 ['ledger/replay_manifest.yaml']，跳过

⏭️  G43 渲染基线完整无污染 —— 缺少输入 ['ledger/render_baseline.yaml']，跳过

⏭️  G44 资产取证齐全 —— 缺少输入 ['ledger/game_assets.csv']，跳过

⏭️  G47 运行时取证台账完整 —— 缺少输入 ['ledger/runtime_forensics.csv']，跳过

⏭️  G48 无未覆盖函数 —— 缺少输入 ['ledger/binary_coverage.csv']，跳过

⏭️  G49 上下文包无密钥泄露 —— 缺少输入 ['src']，跳过

⏭️  G50 AI 变更有人工签名 —— 缺少输入 ['ledger/ai_changes.json']，跳过

⏭️  G53 WPF 机制清单有运行时取证与可判定验收 —— 缺少输入 ['ledger/wpf_mechanisms.csv']，跳过

⏭️  G54 Tauri 能力无 wildcard scope —— 缺少输入 ['ledger/capabilities.json']，跳过

⏭️  G55 浮点/序列化逐字段保真 —— 缺少输入 ['baseline/old.json', 'baseline/new.json']，跳过

⏭️  G57 迁移矩阵无 ignore 策略且已四层对账 —— 缺少输入 ['ledger/migration_fields.csv']，跳过

⏭️  G58 IPC 契约消息边界与失败模式齐全 —— 缺少输入 ['ledger/ipc_contract.csv']，跳过

⏭️  G59 遥测契约 PII 分类 + 采样声明 + 旧版证据 —— 缺少输入 ['ledger/telemetry_contract.csv']，跳过

⏭️  G62 安全门禁有负向测试且拒绝路径已验证 —— 缺少输入 ['ledger/security_gates.csv']，跳过

⏭️  G63 网络故障矩阵有原版期望与幂等判定 —— 缺少输入 ['ledger/network_matrix.csv']，跳过

⏭️  G64 无障碍矩阵有原版轨迹与平台/IME 版本矩阵 —— 缺少输入 ['ledger/a11y_matrix.csv']，跳过

⏭️  G67 **关卡内容账本一致**（实体/触发器/生成点/隐藏） —— 缺少输入 ['ledger/level_manifest.csv']，跳过

⏭️  G68 **战斗帧数据与判定盒一致** —— 缺少输入 ['ledger/combat_ai.csv']，跳过

⏭️  G69 **RNG 可重放且未丢弃未知存档字段** —— 缺少输入 ['ledger/rng_save.csv']，跳过

⏭️  G72 **功能表面一致**（首次启动/UI恢复/输入提示/失焦） —— 缺少输入 ['ledger/game_surface.csv']，跳过

⏭️  G73 **版本基准已冻结** —— 缺少输入 ['ledger/net_mod.csv']，跳过

⏭️  G76 **输入到光子延迟与相机手感可复现测量** —— 缺少输入 ['ledger/latency_camera.csv']，跳过

⏭️  G77 **音频信号链与渲染设置一致** —— 缺少输入 ['ledger/audio_render.csv']，跳过

⏭️  G80 **导入设置与配置边界已固化** —— 缺少输入 ['ledger/editor_data.csv']，跳过

⏭️  G81 **输入设备参数与存档迁移链一致** —— 缺少输入 ['ledger/input_ops.csv']，跳过

⏭️  G83 **动画参数链一致**（含末端误差） —— 缺少输入 ['ledger/animation.csv']，跳过

⏭️  G84 **UI 布局链与物理参数链一致** —— 缺少输入 ['ledger/ui_physics.csv']，跳过

⏭️  G86 **流式七态与多线程顺序契约一致** —— 缺少输入 ['ledger/stream_thread.csv']，跳过

⏭️  G87 **热更新八态与内存/默认值一致** —— 缺少输入 ['ledger/hotfix_mem.csv']，跳过

⏭️  G89 **战斗手感参数链一致**（顿帧冻结域/跳跃宽容/霸体） —— 缺少输入 ['ledger/game_feel.csv']，跳过

⏭️  G90 **锁定/取消/会话/粒子/超分一致** —— 缺少输入 ['ledger/session.csv']，跳过

⏭️  G93 **时间域与暂停掩码一致**（计时器已声明时钟） —— 缺少输入 ['ledger/time_pacing.csv']，跳过

⏭️  G94 **关卡体验/教程/难度关系网一致** —— 缺少输入 ['ledger/level_balance.csv']，跳过

⏭️  G97 **世界模拟与身体状态一致**（离线六层/部位/负重舍入） —— 缺少输入 ['ledger/world_body.csv']，跳过

⏭️  G98 **社交表达/元游戏/反馈仲裁/浮点一致** —— 缺少输入 ['ledger/social_meta.csv']，跳过

⏭️  G101 **音频传播七通道与可读性一致** —— 缺少输入 ['ledger/audio_read.csv']，跳过

⏭️  G102 **感知性能与环境交互一致** —— 缺少输入 ['ledger/perf_interact.csv']，跳过

⏭️  G105 **任务状态与目标级语义一致** —— 缺少输入 ['ledger/quest_dialog.csv']，跳过

⏭️  G106 **库存手感与流程事务一致** —— 缺少输入 ['ledger/inventory_flow.csv']，跳过

⏭️  G109 **战斗规则合约与 BOSS 行为契约一致** —— 缺少输入 ['ledger/combat_rules.csv']，跳过

⏭️  G110 **解锁节奏与输入反馈一致** —— 缺少输入 ['ledger/progress_input.csv']，跳过

⏭️  G113 **UI 音效交互层与过渡体验一致** —— 缺少输入 ['ledger/ui_sound_transition.csv']，跳过

⏭️  G114 **UI 动态与镜头叙事一致** —— 缺少输入 ['ledger/ui_motion_camera.csv']，跳过

⏭️  G117 **时间推进语义与动态经济一致** —— 缺少输入 ['ledger/world_economy.csv']，跳过

⏭️  G118 **声望派系与存档兼容体验一致** —— 缺少输入 ['ledger/faction_save.csv']，跳过

⏭️  G121 **联机延迟补偿与 AI 可读性一致** —— 缺少输入 ['ledger/netfeel_ai.csv']，跳过

⏭️  G122 **节奏设计与信息架构一致** —— 缺少输入 ['ledger/pacing_info.csv']，跳过

⏭️  G125 **运气体验与技巧天花板一致** —— 缺少输入 ['ledger/luck_skill.csv']，跳过

⏭️  G126 **重复可玩结构与玩家表达一致** —— 缺少输入 ['ledger/replay_identity.csv']，跳过

⏭️  G129 **性能降级语义与失败体验一致** —— 缺少输入 ['ledger/degrade_fail.csv']，跳过

⏭️  G130 **内容冗余必要性与系统极限一致** —— 缺少输入 ['ledger/content_limit.csv']，跳过

⏭️  G133 **证据链与仲裁层一致** —— 缺少输入 ['ledger/evidence_chain.csv']，跳过

⏭️  G134 **演进治理与老玩家迁移一致** —— 缺少输入 ['ledger/migration_govern.csv']，跳过
